PS C:\Users\saksh\OneDrive\Desktop\C_activity_set> cd "c:\Users\saksh\OneDrive\Desktop\C_activity_set\set02\" ; if ($?) { gcc problem01.c -o problem01 } ; if ($?) { .\problem01 }
Enter the base of the triangle: 30
Enter the height of the triangle: 10 
Base: 30.00
Height: 10.00
Area: 150.00
PS C:\Users\saksh\OneDrive\Desktop\C_activity_set\set02> git add .
PS C:\Users\saksh\OneDrive\Desktop\C_activity_set\set02> git commit -m "test"
On branch main
Your branch is up to date with 'origin/main'.

nothing to commit, working tree clean
PS C:\Users\saksh\OneDrive\Desktop\C_activity_set\set02> git push
Everything up-to-date
PS C:\Users\saksh\OneDrive\Desktop\C_activity_set\set02> gcc problem01.c -O0 -g
PS C:\Users\saksh\OneDrive\Desktop\C_activity_set\set02> gdb a.exe 
GNU gdb (GDB) 7.6.1
Copyright (C) 2013 Free Software Foundation, Inc.
License GPLv3+: GNU GPL version 3 or later <http://gnu.org/licenses/gpl.html>
This is free software: you are free to change and redistribute it.
There is NO WARRANTY, to the extent permitted by law.  Type "show copying"
and "show warranty" for details.
This GDB was configured as "mingw32".
For bug reporting instructions, please see:
<http://www.gnu.org/software/gdb/bugs/>...
Reading symbols from C:\Users\saksh\OneDrive\Desktop\C_activity_set\set02\a.exe...done.
(gdb) b
No default breakpoint address now.
(gdb) r
Starting program: C:\Users\saksh\OneDrive\Desktop\C_activity_set\set02/a.exe 
[New Thread 10672.0x31f4]
[New Thread 10672.0x2bf0]
Enter the base of the triangle: 30
Enter the height of the triangle: 10
Base: 30.00
Height: 10.00
Area: 150.00
[Inferior 1 (process 10672) exited normally]
(gdb) r
Starting program: C:\Users\saksh\OneDrive\Desktop\C_activity_set\set02/a.exe 
[New Thread 14996.0x3458]
[New Thread 14996.0x3318]
Enter the base of the triangle: 30
Enter the height of the triangle: 10
Base: 30.00
Height: 10.00
Area: 150.00
[Inferior 1 (process 14996) exited normally]
(gdb) s
The program is not being run.
(gdb) s
The program is not being run.
(gdb) s
The program is not being run.
(gdb) q
PS C:\Users\saksh\OneDrive\Desktop\C_activity_set\set02> git add .
PS C:\Users\saksh\OneDrive\Desktop\C_activity_set\set02> git commit -m "test"
[main 8eaff82] test
 2 files changed, 15 insertions(+)
 create mode 100644 set02/problem02error.txt
PS C:\Users\saksh\OneDrive\Desktop\C_activity_set\set02> git push
Enumerating objects: 7, done.
Counting objects: 100% (7/7), done.
Delta compression using up to 8 threads
Compressing objects: 100% (4/4), done.
Writing objects: 100% (4/4), 620 bytes | 206.00 KiB/s, done.
Total 4 (delta 2), reused 0 (delta 0), pack-reused 0
remote: Resolving deltas: 100% (2/2), completed with 2 local objects.
To https://github.com/SalankeAkshatha/C_activity_set.git
   2deb029..8eaff82  main -> main
PS C:\Users\saksh\OneDrive\Desktop\C_activity_set\set02> git push 
Everything up-to-date
PS C:\Users\saksh\OneDrive\Desktop\C_activity_set\set02> 