PS C:\Users\saksh\OneDrive\Desktop\C_activity_set\set02> gdb a.exe
GNU gdb (GDB) 7.6.1
Copyright (C) 2013 Free Software Foundation, Inc.
License GPLv3+: GNU GPL version 3 or later <http://gnu.org/licenses/gpl.html>
This is free software: you are free to change and redistribute it.
There is NO WARRANTY, to the extent permitted by law.  Type "show copying"
and "show warranty" for details.
This GDB was configured as "mingw32".
For bug reporting instructions, please see:
<http://www.gnu.org/software/gdb/bugs/>...
Reading symbols from C:\Users\saksh\OneDrive\Desktop\C_activity_set\set02\a.exe...done.
(gdb) b
No default breakpoint address now.
(gdb) r
Starting program: C:\Users\saksh\OneDrive\Desktop\C_activity_set\set02/a.exe 
[New Thread 6916.0x4a00]
[New Thread 6916.0x42f8]
Enter a number: 8
8 is a composite number.
[Inferior 1 (process 6916) exited normally]
(gdb) s
The program is not being run.
(gdb)
The program is not being run.
(gdb) s
The program is not being run.
(gdb) s
The program is not being run.
(gdb) q
PS C:\Users\saksh\OneDrive\Desktop\C_activity_set\set02> git add .
PS C:\Users\saksh\OneDrive\Desktop\C_activity_set\set02> git commit -m "test"
On branch main
Your branch is up to date with 'origin/main'.

nothing to commit, working tree clean
PS C:\Users\saksh\OneDrive\Desktop\C_activity_set\set02> git push
Everything up-to-date