PS C:\Users\saksh\OneDrive\Desktop\C_activity_set\set01> gdb a.exe
GNU gdb (GDB) 7.6.1
Copyright (C) 2013 Free Software Foundation, Inc.
License GPLv3+: GNU GPL version 3 or later <http://gnu.org/licenses/gpl.html>
This is free software: you are free to change and redistribute it.
There is NO WARRANTY, to the extent permitted by law.  Type "show copying"
and "show warranty" for details.
This GDB was configured as "mingw32".
For bug reporting instructions, please see:
<http://www.gnu.org/software/gdb/bugs/>...
Reading symbols from C:\Users\saksh\OneDrive\Desktop\C_activity_set\set01\a.exe...done.
(gdb) b main
Breakpoint 1 at 0x401477: file problem08.c, line 8.
(gdb) r
Starting program: C:\Users\saksh\OneDrive\Desktop\C_activity_set\set01/a.exe
[New Thread 14648.0x5970]
[New Thread 14648.0x4014]

Breakpoint 1, 0x00401477 in main () at problem08.c:8
8       int main() {
(gdb) s
11          n=input_array_size();
(gdb) s
input_array_size () at problem08.c:23
23          printf("Enter the size of the array: ");
(gdb) s
Enter the size of the array: 24     scanf("%d", &n);
(gdb) q
A debugging session is active.

        Inferior 1 [process 14648] will be killed.

Quit anyway? (y or n) y
error return ../../gdb-7.6.1/gdb/windows-nat.c:1275 was 5
PS C:\Users\saksh\OneDrive\Desktop\C_activity_set\set01>