PS C:\Users\saksh\OneDrive\Desktop\C_activity_set\set01> gdb a.exe
GNU gdb (GDB) 7.6.1
Copyright (C) 2013 Free Software Foundation, Inc.
License GPLv3+: GNU GPL version 3 or later <http://gnu.org/licenses/gpl.html>
This is free software: you are free to change and redistribute it.
There is NO WARRANTY, to the extent permitted by law.  Type "show copying"
and "show warranty" for details.
This GDB was configured as "mingw32".
For bug reporting instructions, please see:
<http://www.gnu.org/software/gdb/bugs/>...
Reading symbols from C:\Users\saksh\OneDrive\Desktop\C_activity_set\set01\a.exe...done.
(gdb) b main 
Breakpoint 1 at 0x40146e: file problem07.c, line 11.
(gdb) r
Starting program: C:\Users\saksh\OneDrive\Desktop\C_activity_set\set01/a.exe 
[New Thread 10548.0x3300]
[New Thread 10548.0x59a8]

Breakpoint 1, main () at problem07.c:11
11          n=input_n();
(gdb) s
input_n () at problem07.c:22
22          printf("Enter a natural number: ");
(gdb) s
Enter a natural number: 23          scanf("%d", &n);
(gdb) s
q
25          return n;
(gdb) q 
A debugging session is active.

        Inferior 1 [process 10548] will be killed.

Quit anyway? (y or n) y
error return ../../gdb-7.6.1/gdb/windows-nat.c:1275 was 5
PS C:\Users\saksh\OneDrive\Desktop\C_activity_set\set01> 