PS C:\Users\saksh\OneDrive\Desktop\C_activity_set\set01> gdb a.exe 
GNU gdb (GDB) 7.6.1
Copyright (C) 2013 Free Software Foundation, Inc.
License GPLv3+: GNU GPL version 3 or later <http://gnu.org/licenses/gpl.html>
This is free software: you are free to change and redistribute it.
There is NO WARRANTY, to the extent permitted by law.  Type "show copying"
and "show warranty" for details.
This GDB was configured as "mingw32".
For bug reporting instructions, please see:
<http://www.gnu.org/software/gdb/bugs/>...
Reading symbols from C:\Users\saksh\OneDrive\Desktop\C_activity_set\set01\a.exe...done.
(gdb) b main
Breakpoint 1 at 0x401516: file problem11.c, line 32.
(gdb) r
Starting program: C:\Users\saksh\OneDrive\Desktop\C_activity_set\set01/a.exe
[New Thread 19176.0x2b70]
[New Thread 19176.0x31d0]

Breakpoint 1, main () at problem11.c:32
32          printf("enter the 1st complex number\n");
(gdb) s
enter the 1st complex number
33          num1=input_complex();
(gdb) s
input_complex () at problem11.c:12
12      printf("enter the real num:");
(gdb) s
enter the real num:13   scanf("%f",&num.real);
(gdb) q
A debugging session is active.

        Inferior 1 [process 19176] will be killed.

Quit anyway? (y or n) y
error return ../../gdb-7.6.1/gdb/windows-nat.c:1275 was 5
PS C:\Users\saksh\OneDrive\Desktop\C_activity_set\set01>