PS C:\Users\saksh\OneDrive\Desktop\C_activity_set\set01> gdb a.exe
GNU gdb (GDB) 7.6.1
Copyright (C) 2013 Free Software Foundation, Inc.
License GPLv3+: GNU GPL version 3 or later <http://gnu.org/licenses/gpl.html>
This is free software: you are free to change and redistribute it.
There is NO WARRANTY, to the extent permitted by law.  Type "show copying"
and "show warranty" for details.
This GDB was configured as "mingw32".
For bug reporting instructions, please see:
<http://www.gnu.org/software/gdb/bugs/>...
Reading symbols from C:\Users\saksh\OneDrive\Desktop\C_activity_set\set01\a.exe...done.
(gdb) b main 
Breakpoint 1 at 0x40146e: file problem04.c, line 9.
(gdb) r
Starting program: C:\Users\saksh\OneDrive\Desktop\C_activity_set\set01/a.exe 
[New Thread 13500.0x2788]
[New Thread 13500.0x2a84]

Breakpoint 1, main () at problem04.c:9
9           a=input();
(gdb) s
input () at problem04.c:18
18          printf("Enter a number:");
(gdb) s
Enter a number:19           scanf("%d",&x);
(gdb) s
q
20          return x;
(gdb) q
A debugging session is active.

        Inferior 1 [process 13500] will be killed.

Quit anyway? (y or n) y
error return ../../gdb-7.6.1/gdb/windows-nat.c:1275 was 5
PS C:\Users\saksh\OneDrive\Desktop\C_activity_set\set01> git add 
Nothing specified, nothing added.
hint: Maybe you wanted to say 'git add .'?
hint: Turn this message off by running
hint: "git config advice.addEmptyPathspec false"
PS C:\Users\saksh\OneDrive\Desktop\C_activity_set\set01> git add.
git: 'add.' is not a git command. See 'git --help'.

The most similar command is
        add
PS C:\Users\saksh\OneDrive\Desktop\C_activity_set\set01>