PS C:\Users\saksh\OneDrive\Desktop\C_activity_set\set01> gdb a.exe
GNU gdb (GDB) 7.6.1
Copyright (C) 2013 Free Software Foundation, Inc.
License GPLv3+: GNU GPL version 3 or later <http://gnu.org/licenses/gpl.html>
This is free software: you are free to change and redistribute it.
There is NO WARRANTY, to the extent permitted by law.  Type "show copying"
and "show warranty" for details.
This GDB was configured as "mingw32".
For bug reporting instructions, please see:
<http://www.gnu.org/software/gdb/bugs/>...
Reading symbols from C:\Users\saksh\OneDrive\Desktop\C_activity_set\set01\a.exe...done.
(gdb) b main
Breakpoint 1 at 0x4015ac: file problem10.c, line 36.
(gdb) r
Starting program: C:\Users\saksh\OneDrive\Desktop\C_activity_set\set01/a.exe 
[New Thread 12752.0x4900]
[New Thread 12752.0x5b78]

Breakpoint 1, main () at problem10.c:36
36      input_two_strings(string1,string2);
(gdb) s
input_two_strings (string1=0x61feb8 "\034"ovü_a", string2=0x61fe54 "\200¬ê#"_a") at problem10.c:9
9           printf("Enter string1:");
(gdb) s
Enter string1:10            scanf("%s", string1);
(gdb) s

q
11          printf("Enter string2:");
(gdb) q
A debugging session is active.

        Inferior 1 [process 12752] will be killed.

Quit anyway? (y or n) y
error return ../../gdb-7.6.1/gdb/windows-nat.c:1275 was 5
PS C:\Users\saksh\OneDrive\Desktop\C_activity_set\set01>